---
source: tests/run_wpt_conformance.rs
expression: "format!(\"{file_name} {test_name}, {backend_prefix}\\n {msg}\")"
---
transpose.https.any.js transpose float32 3D tensor options.permutation, coreml
 Failed to dispatch graph: coreml runtime failed: prediction failed: According to model description, feature 'transposeInput' must be of rank 4, instead got a multi-array value of rank 3.

--- built graph ---
webnn_graph "graph" v2 {
  inputs {
    transposeInput: f32[2, 3, 4];
  }

  nodes {
    [transposeOutput] = transpose(transposeInput, label="", permutation=[2, 0, 1]);
  }

  outputs { transposeOutput; }
}
